// Jest Snapshot v1, https://goo.gl/fbAQLP

exports[`ContactUsModel renders correctly 1`] = `null`;
