// Jest Snapshot v1, https://goo.gl/fbAQLP

exports[`Heading renders correctly 1`] = `
<div
  className="heading"
>
  <div
    className="container"
  >
    <div
      className="row py-5"
    >
      <h1>
        About
      </h1>
    </div>
  </div>
</div>
`;
